// Jest Snapshot v1, https://goo.gl/fbAQLP

exports[`should render expense list item with one item 1`] = `
ShallowWrapper {
  "length": 1,
  Symbol(enzyme.__root__): [Circular],
  Symbol(enzyme.__unrendered__): <ExpenseListItem
    amount={195}
    createdAt={0}
    description="Gum"
    id="1"
    note=""
/>,
  Symbol(enzyme.__renderer__): Object {
    "batchedUpdates": [Function],
    "getNode": [Function],
    "render": [Function],
    "simulateEvent": [Function],
    "unmount": [Function],
  },
  Symbol(enzyme.__node__): Object {
    "instance": null,
    "key": undefined,
    "nodeType": "host",
    "props": Object {
      "children": Array [
        <Link
          replace={false}
          to="/edit/1"
>
          <p>
                    Item: 
                    Gum
          </p>
</Link>,
        <p>
          Cost: 
          $1.95
          Date added: 
          December 31st, 1969
</p>,
      ],
    },
    "ref": null,
    "rendered": Array [
      Object {
        "instance": null,
        "key": undefined,
        "nodeType": "class",
        "props": Object {
          "children": <p>
            Item: 
            Gum
</p>,
          "replace": false,
          "to": "/edit/1",
        },
        "ref": null,
        "rendered": Object {
          "instance": null,
          "key": undefined,
          "nodeType": "host",
          "props": Object {
            "children": Array [
              "Item: ",
              "Gum",
            ],
          },
          "ref": null,
          "rendered": Array [
            "Item: ",
            "Gum",
          ],
          "type": "p",
        },
        "type": [Function],
      },
      Object {
        "instance": null,
        "key": undefined,
        "nodeType": "host",
        "props": Object {
          "children": Array [
            "Cost: ",
            "$1.95",
            "Date added: ",
            "December 31st, 1969",
          ],
        },
        "ref": null,
        "rendered": Array [
          "Cost: ",
          "$1.95",
          "Date added: ",
          "December 31st, 1969",
        ],
        "type": "p",
      },
    ],
    "type": "div",
  },
  Symbol(enzyme.__nodes__): Array [
    Object {
      "instance": null,
      "key": undefined,
      "nodeType": "host",
      "props": Object {
        "children": Array [
          <Link
            replace={false}
            to="/edit/1"
>
            <p>
                        Item: 
                        Gum
            </p>
</Link>,
          <p>
            Cost: 
            $1.95
            Date added: 
            December 31st, 1969
</p>,
        ],
      },
      "ref": null,
      "rendered": Array [
        Object {
          "instance": null,
          "key": undefined,
          "nodeType": "class",
          "props": Object {
            "children": <p>
              Item: 
              Gum
</p>,
            "replace": false,
            "to": "/edit/1",
          },
          "ref": null,
          "rendered": Object {
            "instance": null,
            "key": undefined,
            "nodeType": "host",
            "props": Object {
              "children": Array [
                "Item: ",
                "Gum",
              ],
            },
            "ref": null,
            "rendered": Array [
              "Item: ",
              "Gum",
            ],
            "type": "p",
          },
          "type": [Function],
        },
        Object {
          "instance": null,
          "key": undefined,
          "nodeType": "host",
          "props": Object {
            "children": Array [
              "Cost: ",
              "$1.95",
              "Date added: ",
              "December 31st, 1969",
            ],
          },
          "ref": null,
          "rendered": Array [
            "Cost: ",
            "$1.95",
            "Date added: ",
            "December 31st, 1969",
          ],
          "type": "p",
        },
      ],
      "type": "div",
    },
  ],
  Symbol(enzyme.__options__): Object {
    "adapter": ReactSixteenAdapter {
      "options": Object {
        "enableComponentDidUpdateOnSetState": true,
      },
    },
  },
}
`;
