// Jest Snapshot v1, https://goo.gl/fbAQLP

exports[`shoulld render expenselistfilters correctly 1`] = `undefined`;
